// Vitest Snapshot v1, https://vitest.dev/guide/snapshot.html

exports[`report > should generate a report 1`] = `Promise {}`;
